// Jest Snapshot v1, https://goo.gl/fbAQLP

exports[`renders learn react link 1`] = `
.emotion-0 {
  display: -webkit-box;
  display: -webkit-flex;
  display: -ms-flexbox;
  display: flex;
  -webkit-box-pack: center;
  -ms-flex-pack: center;
  -webkit-justify-content: center;
  justify-content: center;
  padding: 100px 0;
  -webkit-flex-direction: column;
  -ms-flex-direction: column;
  flex-direction: column;
  -webkit-align-items: center;
  -webkit-box-align: center;
  -ms-flex-align: center;
  align-items: center;
  font-weight: 700;
  color: #000;
}

.emotion-1 {
  display: block;
  font-size: 24px;
}

.emotion-2 {
  font-weight: 700;
  font-size: 38px;
}

.emotion-3 {
  color: red;
}

<div>
  <div
    class="container"
  >
    <div
      class="emotion-0"
    >
      <span
        class="emotion-1"
      >
        The React starter for
      </span>
      <h1
        class="emotion-2"
      >
        Web Application
      </h1>
      <p
        class="emotion-3"
      >
        Test Emotion
      </p>
    </div>
  </div>
</div>
`;
